exports[`test should render todo list 1`] = `
<ul>
  <li>
    todo1
    <button
      onClick={[Function]}>
      Remove
    </button>
  </li>
  <li>
    todo2
    <button
      onClick={[Function]}>
      Remove
    </button>
  </li>
  <li>
    todo3
    <button
      onClick={[Function]}>
      Remove
    </button>
  </li>
</ul>
`;
